0 verbose cli F:\Node js\node.exe C:\Users\prane\AppData\Roaming\npm\node_modules\npm\bin\npm-cli.js
1 info using npm@11.14.1
2 info using node@v20.19.4
3 silly config load:file:C:\Users\prane\AppData\Roaming\npm\node_modules\npm\npmrc
4 silly config load:file:D:\Job_Portal\.npmrc
5 silly config load:file:C:\Users\prane\.npmrc
6 silly config load:file:C:\Users\prane\AppData\Roaming\npm\etc\npmrc
7 verbose title npm install next-pwa
8 verbose argv "install" "next-pwa" "--cache" ".npm-cache"
9 verbose logfile logs-max:10 dir:D:\Job_Portal\.npm-cache\_logs\2026-09-04T14_08_19_813Z-
10 verbose logfile D:\Job_Portal\.npm-cache\_logs\2026-09-04T14_08_19_813Z-debug-0.log
11 silly logfile done cleaning log files
12 silly packumentCache heap:2197815296 maxSize:549453824 maxEntrySize:274726912
13 silly idealTree buildDeps
14 silly fetch manifest next-pwa@*
15 silly packumentCache full:https://registry.npmjs.org/next-pwa cache-miss
16 verbose shrinkwrap failed to load node_modules/.package-lock.json out of date, updated: node_modules
17 http fetch GET 200 https://registry.npmjs.org/npm 10592ms
18 http fetch GET 200 https://registry.npmjs.org/next-pwa 9653ms (cache miss)
19 silly packumentCache full:https://registry.npmjs.org/next-pwa set size:undefined disposed:false
20 silly fetch manifest next@15.5.9
21 silly packumentCache full:https://registry.npmjs.org/next cache-miss
22 silly fetch manifest next@>=9.0.0
23 silly packumentCache full:https://registry.npmjs.org/next cache-miss
24 http fetch GET https://registry.npmjs.org/next attempt 1 failed with ECONNRESET
25 http fetch GET 200 https://registry.npmjs.org/next 137089ms attempt #2 (cache miss)
26 silly packumentCache full:https://registry.npmjs.org/next set size:undefined disposed:false
27 verbose stack Error: unable to resolve dependency tree
27 verbose stack     at #failPeerConflict (C:\Users\prane\AppData\Roaming\npm\node_modules\npm\node_modules\@npmcli\arborist\lib\arborist\build-ideal-tree.js:1435:25)
27 verbose stack     at #loadPeerSet (C:\Users\prane\AppData\Roaming\npm\node_modules\npm\node_modules\@npmcli\arborist\lib\arborist\build-ideal-tree.js:1401:33)
27 verbose stack     at async #buildDepStep (C:\Users\prane\AppData\Roaming\npm\node_modules\npm\node_modules\@npmcli\arborist\lib\arborist\build-ideal-tree.js:930:15)
27 verbose stack     at async Arborist.buildIdealTree (C:\Users\prane\AppData\Roaming\npm\node_modules\npm\node_modules\@npmcli\arborist\lib\arborist\build-ideal-tree.js:169:7)
27 verbose stack     at async Promise.all (index 1)
27 verbose stack     at async Arborist.reify (C:\Users\prane\AppData\Roaming\npm\node_modules\npm\node_modules\@npmcli\arborist\lib\arborist\reify.js:111:5)
27 verbose stack     at async Install.exec (C:\Users\prane\AppData\Roaming\npm\node_modules\npm\lib\commands\install.js:149:5)
27 verbose stack     at async Npm.exec (C:\Users\prane\AppData\Roaming\npm\node_modules\npm\lib\npm.js:193:9)
27 verbose stack     at async module.exports (C:\Users\prane\AppData\Roaming\npm\node_modules\npm\lib\cli\entry.js:67:5)
28 error code ERESOLVE
29 error ERESOLVE unable to resolve dependency tree
30 error
31 error While resolving: nextn@0.1.0
31 error Found: next@undefined
31 error node_modules/next
31 error   next@"15.5.9" from the root project
31 error
31 error Could not resolve dependency:
31 error peer next@">=9.0.0" from next-pwa@5.6.0
31 error node_modules/next-pwa
31 error   next-pwa@"*" from the root project
31 error
31 error Fix the upstream dependency conflict, or retry this command with --force or --legacy-peer-deps to accept an incorrect (and potentially broken) dependency resolution.
32 error
32 error
32 error For a full report see:
32 error D:\Job_Portal\.npm-cache\_logs\2026-09-04T14_08_19_813Z-eresolve-report.txt
33 silly unfinished npm timer reify 1788530901421
34 silly unfinished npm timer reify:loadTrees 1788530901423
35 silly unfinished npm timer idealTree:buildDeps 1788530902384
36 silly unfinished npm timer idealTree:#root 1788530902386
37 verbose cwd D:\Job_Portal
38 verbose os Windows_NT 10.0.26200
39 verbose node v20.19.4
40 verbose npm  v11.14.1
41 notice
41 notice New minor version of npm available! 11.14.1 -> 11.19.1
41 notice Changelog: https://github.com/npm/cli/releases/tag/v11.19.1
41 notice To update run: npm install -g npm@11.19.1
41 notice  { force: true, [Symbol(proc-log.meta)]: true }
42 verbose exit 1
43 verbose code 1
44 error A complete log of this run can be found in: D:\Job_Portal\.npm-cache\_logs\2026-09-04T14_08_19_813Z-debug-0.log
